
Essential Heavyweight Map Tee (Nauvoo) (ACTIVE): 16 on-model to add, 2 close-ups and 16 flats kept in order
   uploaded tee_back_maroon
   uploaded tee_front_maroon
   uploaded tee_back_black
   uploaded tee_back_charcoal
   uploaded tee_back_coffee
   uploaded tee_back_navy-blue
   uploaded tee_back_pink
   uploaded tee_back_light-blue
   uploaded tee_back_cream
   uploaded tee_front_black
   uploaded tee_front_charcoal
   uploaded tee_front_coffee
   uploaded tee_front_navy-blue
   uploaded tee_front_pink
   uploaded tee_front_light-blue
   uploaded tee_front_cream
   bound 48 variants

Ultra-soft Map Sweatshirt (Nauvoo) (ACTIVE): 4 on-model to add, 2 close-ups and 4 flats kept in order
   uploaded crew_back_black
   uploaded crew_front_black
   uploaded crew_back_heather-gray
   uploaded crew_front_heather-gray
   bound 10 variants

Ultra-soft Oversized Map Hoodie (Nauvoo) (ACTIVE): 14 on-model to add, 2 close-ups and 14 flats kept in order
   uploaded hoodie_back_navy-blue
   uploaded hoodie_front_navy-blue
   uploaded hoodie_back_black
   uploaded hoodie_back_gray
   uploaded hoodie_back_coffee
   uploaded hoodie_back_mauve
   uploaded hoodie_back_royal-blue
   uploaded hoodie_back_eden-green
   uploaded hoodie_front_black
   uploaded hoodie_front_gray
   uploaded hoodie_front_coffee
   uploaded hoodie_front_mauve
   uploaded hoodie_front_royal-blue
   uploaded hoodie_front_eden-green
   bound 35 variants

Essential Heavyweight Map Tee (Salt Lake City) (ACTIVE): 16 on-model to add, 2 close-ups and 16 flats kept in order
   uploaded tee_back_maroon
   uploaded tee_front_maroon
   uploaded tee_back_black
   uploaded tee_back_charcoal
   uploaded tee_back_coffee
   uploaded tee_back_navy-blue
   uploaded tee_back_pink
   uploaded tee_back_light-blue
   uploaded tee_back_cream
   uploaded tee_front_black
   uploaded tee_front_charcoal
   uploaded tee_front_coffee
   uploaded tee_front_navy-blue
   uploaded tee_front_pink
   uploaded tee_front_light-blue
   uploaded tee_front_cream
   bound 48 variants

Ultra-soft Map Sweatshirt (Salt Lake City) (ACTIVE): 4 on-model to add, 2 close-ups and 4 flats kept in order
   uploaded crew_back_black
   uploaded crew_front_black
   uploaded crew_back_heather-gray
   uploaded crew_front_heather-gray
   bound 10 variants

Ultra-soft Oversized Map Hoodie (Salt Lake City) (ACTIVE): 14 on-model to add, 2 close-ups and 14 flats kept in order
   uploaded hoodie_back_navy-blue
   uploaded hoodie_front_navy-blue
   uploaded hoodie_back_black
   uploaded hoodie_back_gray
   uploaded hoodie_back_coffee
   uploaded hoodie_back_mauve
   uploaded hoodie_back_royal-blue
   uploaded hoodie_back_eden-green
   uploaded hoodie_front_black
   uploaded hoodie_front_gray
   uploaded hoodie_front_coffee
   uploaded hoodie_front_mauve
   uploaded hoodie_front_royal-blue
   uploaded hoodie_front_eden-green
   bound 35 variants

OK  Essential Heavyweight Map Tee (Nauvoo): 34 images, slot 1 = Nauvoo map tee, back print on model - Maroon
OK  Ultra-soft Map Sweatshirt (Nauvoo): 10 images, slot 1 = Nauvoo map sweatshirt, back print on model - Black
OK  Ultra-soft Oversized Map Hoodie (Nauvoo): 30 images, slot 1 = Nauvoo map hoodie, back print on model - Navy Blue
OK  Essential Heavyweight Map Tee (Salt Lake City): 34 images, slot 1 = Salt Lake City map tee, back print on model - Maroon
OK  Ultra-soft Map Sweatshirt (Salt Lake City): 10 images, slot 1 = Salt Lake City map sweatshirt, back print on model - Black
OK  Ultra-soft Oversized Map Hoodie (Salt Lake City): 30 images, slot 1 = Salt Lake City map hoodie, back print on model - Navy Blue
