46 files, 1 already backed up, 45 to upload
backed up gen/base/crew_back_heather-gray.png
backed up gen/base/crew_front_black.png
backed up gen/base/crew_front_heather-gray.png
backed up gen/base/hoodie_back_black.png
backed up gen/base/hoodie_back_coffee.png
backed up gen/base/hoodie_back_eden-green.png
backed up gen/base/hoodie_back_gray.png
backed up gen/base/hoodie_back_mauve.png
backed up gen/base/hoodie_back_navy-blue.png
backed up gen/base/hoodie_back_royal-blue.png
backed up gen/base/hoodie_front_black.png
backed up gen/base/hoodie_front_coffee.png
backed up gen/base/hoodie_front_eden-green.png
backed up gen/base/hoodie_front_gray.png
backed up gen/base/hoodie_front_mauve.png
backed up gen/base/hoodie_front_navy-blue.png
backed up gen/base/hoodie_front_royal-blue.png
backed up gen/base/tee_back_black.png
backed up gen/base/tee_back_charcoal.png
backed up gen/base/tee_back_coffee.png
backed up gen/base/tee_back_cream.png
backed up gen/base/tee_back_light-blue.png
backed up gen/base/tee_back_maroon.png
backed up gen/base/tee_back_navy-blue.png
backed up gen/base/tee_back_pink.png
backed up gen/base/tee_front_black.png
backed up gen/base/tee_front_charcoal.png
backed up gen/base/tee_front_coffee.png
backed up gen/base/tee_front_cream.png
backed up gen/base/tee_front_light-blue.png
backed up gen/base/tee_front_maroon.png
backed up gen/base/tee_front_navy-blue.png
backed up gen/base/tee_front_pink.png
backed up prints/nauvoo_crew_back.png
backed up prints/nauvoo_crew_front.png
backed up prints/nauvoo_hoodie_back.png
