nauvoo_crew_back_black {'ink_px': [1702, 1628, 1469], 'k': 2.493, 'fold_vs_flat_r': 0.977, 'note': ''}
salt-lake-city_crew_back_black {'ink_px': [1702, 1628, 1469], 'k': 2.493, 'fold_vs_flat_r': 0.9213, 'note': ''}
nauvoo_crew_back_heather-gray {'ink_px': [1411, 1629, 1471], 'k': 2.496, 'fold_vs_flat_r': 0.9479, 'note': ''}
salt-lake-city_crew_back_heather-gray {'ink_px': [1411, 1629, 1471], 'k': 2.496, 'fold_vs_flat_r': 0.9159, 'note': ''}
nauvoo_crew_front_black {'ink_px': [2126, 2169, 638], 'k': 2.3, 'fold_vs_flat_r': 0.978, 'note': ''}
salt-lake-city_crew_front_black {'ink_px': [2126, 2169, 638], 'k': 2.3, 'fold_vs_flat_r': 0.9786, 'note': ''}
nauvoo_crew_front_heather-gray {'ink_px': [1871, 2167, 641], 'k': 2.31, 'fold_vs_flat_r': 0.9855, 'note': ''}
salt-lake-city_crew_front_heather-gray {'ink_px': [1871, 2167, 641], 'k': 2.31, 'fold_vs_flat_r': 0.9856, 'note': ''}
nauvoo_hoodie_back_black {'ink_px': [1592, 1965, 1472], 'k': 2.552, 'fold_vs_flat_r': 0.9794, 'note': 'lowered 67px to clear the hood'}
salt-lake-city_hoodie_back_black {'ink_px': [1592, 1965, 1472], 'k': 2.552, 'fold_vs_flat_r': 0.94, 'note': 'lowered 67px to clear the hood'}
nauvoo_hoodie_back_coffee {'ink_px': [1788, 2029, 1371], 'k': 2.377, 'fold_vs_flat_r': 0.9817, 'note': 'lowered 65px to clear the hood'}
salt-lake-city_hoodie_back_coffee {'ink_px': [1788, 2029, 1371], 'k': 2.377, 'fold_vs_flat_r': 0.9569, 'note': 'lowered 65px to clear the hood'}
nauvoo_hoodie_back_eden-green {'ink_px': [1733, 1998, 1470], 'k': 2.549, 'fold_vs_flat_r': 0.9838, 'note': 'lowered 67px to clear the hood'}
salt-lake-city_hoodie_back_eden-green {'ink_px': [1733, 1998, 1470], 'k': 2.549, 'fold_vs_flat_r': 0.9548, 'note': 'lowered 67px to clear the hood'}
nauvoo_hoodie_back_gray {'ink_px': [1876, 1989, 1503], 'k': 2.606, 'fold_vs_flat_r': 0.9888, 'note': 'lowered 67px to clear the hood'}
salt-lake-city_hoodie_back_gray {'ink_px': [1876, 1989, 1503], 'k': 2.606, 'fold_vs_flat_r': 0.9742, 'note': 'lowered 67px to clear the hood'}
nauvoo_hoodie_back_mauve {'ink_px': [1785, 1971, 1468], 'k': 2.545, 'fold_vs_flat_r': 0.9903, 'note': 'lowered 67px to clear the hood'}
salt-lake-city_hoodie_back_mauve {'ink_px': [1785, 1971, 1468], 'k': 2.545, 'fold_vs_flat_r': 0.9834, 'note': 'lowered 67px to clear the hood'}
nauvoo_hoodie_back_navy-blue {'ink_px': [1736, 1961, 1472], 'k': 2.552, 'fold_vs_flat_r': 0.9816, 'note': 'lowered 67px to clear the hood'}
salt-lake-city_hoodie_back_navy-blue {'ink_px': [1736, 1961, 1472], 'k': 2.552, 'fold_vs_flat_r': 0.954, 'note': 'lowered 67px to clear the hood'}
nauvoo_hoodie_back_royal-blue {'ink_px': [1706, 2027, 1429], 'k': 2.478, 'fold_vs_flat_r': 0.9777, 'note': 'lowered 65px to clear the hood'}
salt-lake-city_hoodie_back_royal-blue {'ink_px': [1706, 2027, 1429], 'k': 2.478, 'fold_vs_flat_r': 0.9788, 'note': 'lowered 65px to clear the hood'}
nauvoo_hoodie_front_black {'ink_px': [1837, 2017, 720], 'k': 2.411, 'fold_vs_flat_r': 0.9762, 'note': ''}
salt-lake-city_hoodie_front_black {'ink_px': [1837, 2017, 720], 'k': 2.411, 'fold_vs_flat_r': 0.9765, 'note': ''}
nauvoo_hoodie_front_coffee {'ink_px': [2171, 2037, 696], 'k': 2.333, 'fold_vs_flat_r': 0.988, 'note': ''}
salt-lake-city_hoodie_front_coffee {'ink_px': [2171, 2037, 696], 'k': 2.333, 'fold_vs_flat_r': 0.9882, 'note': ''}
nauvoo_hoodie_front_eden-green {'ink_px': [2162, 2094, 723], 'k': 2.422, 'fold_vs_flat_r': 0.9841, 'note': ''}
salt-lake-city_hoodie_front_eden-green {'ink_px': [2162, 2094, 723], 'k': 2.422, 'fold_vs_flat_r': 0.9842, 'note': ''}
nauvoo_hoodie_front_gray {'ink_px': [2314, 2034, 731], 'k': 2.451, 'fold_vs_flat_r': 0.9948, 'note': ''}
salt-lake-city_hoodie_front_gray {'ink_px': [2314, 2034, 731], 'k': 2.451, 'fold_vs_flat_r': 0.995, 'note': ''}
nauvoo_hoodie_front_mauve {'ink_px': [2280, 2017, 722], 'k': 2.42, 'fold_vs_flat_r': 0.9976, 'note': ''}
salt-lake-city_hoodie_front_mauve {'ink_px': [2280, 2017, 722], 'k': 2.42, 'fold_vs_flat_r': 0.9976, 'note': ''}
nauvoo_hoodie_front_navy-blue {'ink_px': [2161, 2017, 720], 'k': 2.411, 'fold_vs_flat_r': 0.9864, 'note': ''}
salt-lake-city_hoodie_front_navy-blue {'ink_px': [2161, 2017, 720], 'k': 2.411, 'fold_vs_flat_r': 0.9863, 'note': ''}
nauvoo_hoodie_front_royal-blue {'ink_px': [1980, 2030, 726], 'k': 2.434, 'fold_vs_flat_r': 0.9946, 'note': ''}
salt-lake-city_hoodie_front_royal-blue {'ink_px': [1980, 2030, 726], 'k': 2.434, 'fold_vs_flat_r': 0.9946, 'note': ''}
nauvoo_tee_back_black {'ink_px': [1509, 1838, 1577], 'k': 2.809, 'fold_vs_flat_r': 0.977, 'note': ''}
salt-lake-city_tee_back_black {'ink_px': [1509, 1838, 1577], 'k': 2.809, 'fold_vs_flat_r': 0.9343, 'note': ''}
nauvoo_tee_back_charcoal {'ink_px': [1927, 1847, 1592], 'k': 2.836, 'fold_vs_flat_r': 0.9874, 'note': ''}
salt-lake-city_tee_back_charcoal {'ink_px': [1927, 1847, 1592], 'k': 2.836, 'fold_vs_flat_r': 0.9738, 'note': ''}
nauvoo_tee_back_coffee {'ink_px': [1735, 1803, 1520], 'k': 2.708, 'fold_vs_flat_r': 0.9836, 'note': ''}
salt-lake-city_tee_back_coffee {'ink_px': [1735, 1803, 1520], 'k': 2.708, 'fold_vs_flat_r': 0.9558, 'note': ''}
nauvoo_tee_back_cream {'ink_px': [1709, 1846, 1565], 'k': 2.788, 'fold_vs_flat_r': 0.9916, 'note': ''}
salt-lake-city_tee_back_cream {'ink_px': [1709, 1846, 1565], 'k': 2.788, 'fold_vs_flat_r': 0.984, 'note': ''}
nauvoo_tee_back_light-blue {'ink_px': [1707, 1834, 1586], 'k': 2.825, 'fold_vs_flat_r': 0.9943, 'note': ''}
salt-lake-city_tee_back_light-blue {'ink_px': [1707, 1834, 1586], 'k': 2.825, 'fold_vs_flat_r': 0.9887, 'note': ''}
nauvoo_tee_back_maroon {'ink_px': [1701, 1842, 1574], 'k': 2.804, 'fold_vs_flat_r': 0.9826, 'note': ''}
salt-lake-city_tee_back_maroon {'ink_px': [1701, 1842, 1574], 'k': 2.804, 'fold_vs_flat_r': 0.9555, 'note': ''}
nauvoo_tee_back_navy-blue {'ink_px': [1773, 1840, 1583], 'k': 2.819, 'fold_vs_flat_r': 0.9784, 'note': ''}
salt-lake-city_tee_back_navy-blue {'ink_px': [1773, 1840, 1583], 'k': 2.819, 'fold_vs_flat_r': 0.9348, 'note': ''}
nauvoo_tee_back_pink {'ink_px': [1619, 1836, 1576], 'k': 2.807, 'fold_vs_flat_r': 0.9174, 'note': ''}
salt-lake-city_tee_back_pink {'ink_px': [1619, 1836, 1576], 'k': 2.807, 'fold_vs_flat_r': 0.9513, 'note': ''}
nauvoo_tee_front_black {'ink_px': [1973, 2375, 646], 'k': 2.57, 'fold_vs_flat_r': 0.9827, 'note': ''}
salt-lake-city_tee_front_black {'ink_px': [1973, 2375, 646], 'k': 2.57, 'fold_vs_flat_r': 0.9823, 'note': ''}
nauvoo_tee_front_charcoal {'ink_px': [2387, 2380, 647], 'k': 2.576, 'fold_vs_flat_r': 0.9912, 'note': ''}
salt-lake-city_tee_front_charcoal {'ink_px': [2387, 2380, 647], 'k': 2.576, 'fold_vs_flat_r': 0.9914, 'note': ''}
nauvoo_tee_front_coffee {'ink_px': [2195, 2316, 595], 'k': 2.368, 'fold_vs_flat_r': 0.9908, 'note': ''}
salt-lake-city_tee_front_coffee {'ink_px': [2195, 2316, 595], 'k': 2.368, 'fold_vs_flat_r': 0.9904, 'note': ''}
nauvoo_tee_front_cream {'ink_px': [2172, 2312, 633], 'k': 2.52, 'fold_vs_flat_r': 0.9982, 'note': ''}
salt-lake-city_tee_front_cream {'ink_px': [2172, 2312, 633], 'k': 2.52, 'fold_vs_flat_r': 0.9982, 'note': ''}
nauvoo_tee_front_light-blue {'ink_px': [2164, 2386, 645], 'k': 2.567, 'fold_vs_flat_r': 0.9982, 'note': ''}
salt-lake-city_tee_front_light-blue {'ink_px': [2164, 2386, 645], 'k': 2.567, 'fold_vs_flat_r': 0.9982, 'note': ''}
nauvoo_tee_front_maroon {'ink_px': [2158, 2379, 643], 'k': 2.56, 'fold_vs_flat_r': 0.988, 'note': ''}
salt-lake-city_tee_front_maroon {'ink_px': [2158, 2379, 643], 'k': 2.56, 'fold_vs_flat_r': 0.9879, 'note': ''}
nauvoo_tee_front_navy-blue {'ink_px': [2274, 2374, 644], 'k': 2.563, 'fold_vs_flat_r': 0.9882, 'note': ''}
salt-lake-city_tee_front_navy-blue {'ink_px': [2274, 2374, 644], 'k': 2.563, 'fold_vs_flat_r': 0.9882, 'note': ''}
nauvoo_tee_front_pink {'ink_px': [2108, 2370, 646], 'k': 2.57, 'fold_vs_flat_r': 0.9974, 'note': ''}
salt-lake-city_tee_front_pink {'ink_px': [2108, 2370, 646], 'k': 2.57, 'fold_vs_flat_r': 0.9975, 'note': ''}
