wrote tee_black_en.jpg
wrote tee_black_es.jpg
wrote hoodie_gray_en.jpg
wrote hoodie_gray_es.jpg
wrote crew_black_en.jpg
wrote crew_black_es.jpg
wrote bomber_navy-blue_front.jpg
wrote bomber_navy-blue_back.jpg
wrote tee_navy-blue_en.jpg
wrote tee_navy-blue_es.jpg
wrote tee_maroon_en.jpg
wrote tee_maroon_es.jpg
wrote tee_coffee_en.jpg
wrote tee_coffee_es.jpg
wrote tee_charcoal_en.jpg
wrote tee_charcoal_es.jpg
wrote tee_pink_en.jpg
wrote tee_pink_es.jpg
wrote tee_light-blue_en.jpg
wrote tee_light-blue_es.jpg
wrote tee_cream_en.jpg
wrote tee_cream_es.jpg
wrote crew_heather-gray_en.jpg
wrote crew_heather-gray_es.jpg
wrote hoodie_navy-blue_en.jpg
wrote hoodie_navy-blue_es.jpg
wrote hoodie_black_en.jpg
wrote hoodie_black_es.jpg
wrote hoodie_coffee_en.jpg
wrote hoodie_coffee_es.jpg
wrote hoodie_mauve_en.jpg
wrote hoodie_mauve_es.jpg
wrote hoodie_royal-blue_en.jpg
wrote hoodie_royal-blue_es.jpg
wrote hoodie_eden-green_en.jpg
wrote hoodie_eden-green_es.jpg
wrote bomber_black_front.jpg
wrote bomber_black_back.jpg
wrote bomber_maroon_front.jpg
wrote bomber_maroon_back.jpg
wrote bomber_forest-green_front.jpg
wrote bomber_forest-green_back.jpg
wrote bomber_purple_front.jpg
wrote bomber_purple_back.jpg
